files/29.csv
id,week,center_id,meal_id,checkout_price,base_price,emailer_for_promotion,homepage_featured,num_orders
1313387,1,29,1543,505.43,505.43,0,0,215
1434119,2,29,1543,504.43,503.43,0,0,175
1117608,3,29,1543,504.43,504.43,0,0,80
1032064,4,29,1543,503.43,503.43,0,0,27
1410703,5,29,1543,484.03,484.03,0,0,95
1329794,6,29,1543,450.11,486.03,1,0,148
1482170,7,29,1543,436.5,485.03,1,1,148
1238721,8,29,1543,438.5,486.03,0,1,80
1291164,9,29,1543,436.5,437.5,0,0,40
1230864,10,29,1543,503.43,505.43,0,0,108
1487052,11,29,1543,503.43,504.43,0,0,15
1403644,12,29,1543,504.43,504.43,0,0,81
1107955,13,29,1543,504.43,504.43,0,0,14
1459087,14,29,1543,389.03,503.43,0,0,80
1043449,15,29,1543,387.03,503.43,1,0,95
1059124,16,29,1543,387.03,503.43,0,0,149
1269166,17,29,1543,387.03,504.43,0,1,123
1414754,18,29,1543,389.03,504.43,0,1,108
1443106,19,29,1543,389.03,504.43,0,0,55
1043989,20,29,1543,387.03,504.43,0,0,94
1293279,21,29,1543,505.43,505.43,0,0,28
1189321,24,29,1543,505.43,505.43,0,0,42
1287031,25,29,1543,505.43,504.43,0,0,54
1163073,26,29,1543,504.43,505.43,0,0,54
1446544,27,29,1543,503.43,505.43,0,0,27
1045838,28,29,1543,504.43,503.43,0,0,15
1104140,29,29,1543,505.43,504.43,0,0,54
1024386,30,29,1543,505.43,504.43,0,0,26
1205578,31,29,1543,456.87,457.87,0,0,67
1375962,32,29,1543,389.03,457.87,1,1,188
1476524,33,29,1543,388.03,458.87,0,0,14
1221530,34,29,1543,389.03,456.87,0,0,28
1344538,35,29,1543,389.03,458.87,0,0,107
1388408,36,29,1543,466.63,464.63,0,0,68
1456827,37,29,1543,465.63,464.63,0,0,14
1273818,38,29,1543,464.63,466.63,0,0,40
1023103,39,29,1543,465.63,465.63,0,0,69
1314584,40,29,1543,466.63,465.63,0,0,42
1331065,41,29,1543,464.63,464.63,0,0,13
1241263,42,29,1543,388.03,464.63,0,0,162
1052934,43,29,1543,389.03,466.63,0,0,339
1220744,44,29,1543,389.03,464.63,1,1,216
1107221,45,29,1543,387.03,464.63,0,0,229
1408335,46,29,1543,464.63,466.63,0,0,54
1335494,47,29,1543,464.63,466.63,0,0,69
1193026,48,29,1543,464.63,466.63,0,0,68
1320225,49,29,1543,466.63,466.63,0,0,80
1384810,50,29,1543,464.63,464.63,0,0,69
1042859,51,29,1543,465.63,465.63,0,0,26
1319243,52,29,1543,466.63,464.63,0,0,69
1090398,53,29,1543,466.63,466.63,0,0,40
1223842,54,29,1543,494.73,494.73,0,0,80
1081427,55,29,1543,387.03,495.73,0,1,108
1473938,56,29,1543,421.95,495.73,0,0,68
1081348,57,29,1543,389.03,494.73,0,0,123
1123886,58,29,1543,406.43,495.73,0,0,121
1187460,59,29,1543,563.63,562.63,0,0,55
1293856,61,29,1543,561.63,563.63,0,0,55
1092298,62,29,1543,561.63,561.63,0,0,27
1059787,63,29,1543,562.63,562.63,0,0,41
1314397,64,29,1543,562.63,562.63,0,0,82
1136563,65,29,1543,561.63,562.63,0,0,53
1490257,67,29,1543,563.63,562.63,0,0,121
1479791,68,29,1543,561.63,561.63,0,0,27
1155030,69,29,1543,561.63,562.63,0,0,28
1256726,70,29,1543,561.63,562.63,0,0,42
1122417,71,29,1543,561.63,561.63,0,0,27
1396329,72,29,1543,377.36,561.63,1,0,298
1435917,73,29,1543,387.03,562.63,0,0,55
1223177,74,29,1543,388.03,562.63,0,0,109
1224939,75,29,1543,389.03,562.63,0,0,82
1134871,76,29,1543,563.63,563.63,0,0,28
1305262,77,29,1543,563.63,562.63,0,0,41
1448821,78,29,1543,562.63,561.63,0,0,42
1342687,79,29,1543,562.63,563.63,0,0,95
1283742,80,29,1543,561.63,561.63,0,0,82
1061058,81,29,1543,563.63,562.63,0,0,15
1147426,82,29,1543,533.53,533.53,0,0,81
1393123,83,29,1543,388.03,533.53,1,0,243
1414514,84,29,1543,388.03,532.53,0,0,163
1437941,85,29,1543,388.03,533.53,0,0,162
1294825,86,29,1543,387.03,534.53,0,0,189
1384892,87,29,1543,518.98,517.98,0,0,55
1062997,88,29,1543,563.63,562.63,0,0,42
1281665,89,29,1543,562.63,562.63,0,0,94
1216165,90,29,1543,523.83,522.83,0,0,41
1125424,91,29,1543,523.83,524.83,0,0,68
1487964,92,29,1543,524.83,523.83,0,0,54
1232384,93,29,1543,523.83,523.83,0,0,28
1223113,94,29,1543,523.83,522.83,0,0,55
1042716,95,29,1543,479.24,478.24,0,0,134
1113050,96,29,1543,473.39,477.24,0,1,109
1070547,97,29,1543,473.39,474.39,0,0,69
1050136,98,29,1543,473.39,472.39,0,0,68
1317995,99,29,1543,473.39,474.39,0,0,55
1283540,100,29,1543,472.39,473.39,0,0,134
1251540,101,29,1543,472.39,474.39,0,0,109
1309925,102,29,1543,474.39,473.39,0,0,69
1338209,103,29,1543,472.39,473.39,0,0,28
1202894,104,29,1543,473.39,473.39,0,0,108
1265183,105,29,1543,474.39,474.39,0,0,82
1196785,106,29,1543,473.39,474.39,0,0,107
1190323,107,29,1543,473.39,473.39,0,0,149
1112486,108,29,1543,473.39,474.39,0,0,94
1214956,109,29,1543,474.39,473.39,0,0,69
1266524,110,29,1543,473.39,474.39,0,0,176
1339179,111,29,1543,472.39,472.39,0,0,80
1075408,112,29,1543,473.39,474.39,0,0,135
1163108,113,29,1543,472.39,472.39,0,0,121
1340330,114,29,1543,473.39,473.39,0,0,109
1291633,115,29,1543,473.39,474.39,0,0,95
1112359,116,29,1543,473.39,473.39,0,0,67
1436750,117,29,1543,395.79,473.39,0,0,150
1332071,118,29,1543,387.03,474.39,0,1,135
1163773,119,29,1543,388.03,472.39,0,1,216
1177065,120,29,1543,395.82,473.39,0,1,163
1299560,121,29,1543,469.51,469.51,0,0,109
1118418,122,29,1543,468.51,468.51,0,0,54
1201666,123,29,1543,469.51,468.51,0,0,122
1349386,124,29,1543,470.51,469.51,0,0,81
1242255,125,29,1543,395.82,469.51,0,0,161
1288615,126,29,1543,388.03,469.51,0,0,162
1118321,127,29,1543,388.03,470.51,0,1,69
1077186,128,29,1543,388.03,469.51,0,1,177
1105119,129,29,1543,469.51,470.51,0,1,41
1424667,130,29,1543,469.51,470.51,0,0,135
1232289,131,29,1543,469.51,470.51,0,1,136
1498068,132,29,1543,469.51,469.51,0,1,40
1162902,133,29,1543,480.15,469.51,0,1,80
1083965,134,29,1543,482.09,482.09,0,0,107
1188275,135,29,1543,483.09,483.09,0,0,82
1156928,136,29,1543,483.09,483.09,0,0,69
1341422,137,29,1543,370.57,483.09,1,0,270
1123406,138,29,1543,390.91,484.09,0,1,176
1078605,139,29,1543,389.03,483.09,0,0,150
1242987,140,29,1543,484.09,483.09,0,1,14
1174206,141,29,1543,483.09,484.09,0,0,53
1321676,142,29,1543,484.09,484.09,0,0,40
1018305,143,29,1543,484.09,484.09,0,0,69
1227690,144,29,1543,483.09,483.09,0,0,54
1324361,145,29,1543,484.09,484.09,0,0,53
1043779,1,29,2304,504.43,504.43,0,0,14
1473637,3,29,2304,503.43,504.43,0,0,13
1124400,4,29,2304,504.43,505.43,0,0,27
1411157,5,29,2304,434.62,503.43,0,0,41
1320484,6,29,2304,437.5,503.43,1,0,26
1185254,7,29,2304,436.5,504.43,1,0,81
1131890,8,29,2304,438.5,503.43,0,0,82
1007715,9,29,2304,436.5,505.43,0,0,82
1076292,11,29,2304,503.43,503.43,0,0,42
1109859,12,29,2304,505.43,504.43,0,0,27
1270853,13,29,2304,505.43,504.43,0,0,26
1292770,14,29,2304,387.03,503.43,0,0,53
1288347,15,29,2304,388.03,503.43,1,0,123
1109100,16,29,2304,389.03,504.43,0,0,67
1045106,17,29,2304,387.03,503.43,0,0,96
1080992,18,29,2304,387.03,503.43,0,0,95
1048217,19,29,2304,389.03,503.43,0,0,80
1259245,20,29,2304,389.03,504.43,0,0,68
1355701,21,29,2304,621.83,621.83,0,0,14
1438671,22,29,2304,504.43,620.83,0,0,28
1047417,23,29,2304,505.43,620.83,0,0,53
1404767,24,29,2304,503.43,620.83,0,0,15
1094601,25,29,2304,505.43,621.83,0,0,28
1495755,26,29,2304,504.43,620.83,0,0,69
1217555,27,29,2304,504.43,620.83,0,0,13
1204418,29,29,2304,505.43,503.43,0,0,26
1193625,31,29,2304,447.23,504.43,0,0,28
1453053,32,29,2304,387.03,504.43,1,1,243
1084746,35,29,2304,388.03,503.43,0,0,28
1312904,36,29,2304,466.63,465.63,0,0,80
1464857,37,29,2304,464.63,466.63,0,0,14
1078940,38,29,2304,466.63,465.63,0,0,14
1176151,39,29,2304,464.63,464.63,0,0,15
1486440,41,29,2304,466.63,464.63,0,0,15
1274344,42,29,2304,389.03,464.63,0,0,80
1489240,43,29,2304,389.94,465.63,0,1,364
1339527,44,29,2304,392.91,466.63,1,1,271
1441878,45,29,2304,389.03,465.63,0,0,81
1433896,46,29,2304,466.63,466.63,0,0,68
1097646,47,29,2304,466.63,466.63,0,0,14
1258617,49,29,2304,464.63,464.63,0,0,42
1225915,50,29,2304,464.63,464.63,0,0,96
1357480,51,29,2304,464.63,466.63,0,0,53
1307806,52,29,2304,464.63,464.63,0,0,82
1230535,53,29,2304,466.63,465.63,0,0,96
1240388,54,29,2304,458.84,457.84,0,0,42
1191401,55,29,2304,388.03,459.84,0,1,121
1327770,56,29,2304,389.03,459.84,0,0,108
1364663,57,29,2304,387.03,458.84,0,0,69
1475020,58,29,2304,387.03,458.84,0,0,96
1295709,59,29,2304,563.63,561.63,0,0,28
1252911,62,29,2304,561.63,563.63,0,0,13
1461036,63,29,2304,563.63,561.63,0,0,13
1388366,64,29,2304,561.63,561.63,0,0,27
1291258,66,29,2304,562.63,562.63,0,0,13
1141260,67,29,2304,562.63,562.63,0,0,54
1496891,68,29,2304,562.63,563.63,0,0,68
1178050,69,29,2304,562.63,562.63,0,0,15
1450661,70,29,2304,563.63,562.63,0,0,42
1417467,71,29,2304,561.63,563.63,0,0,26
1288392,72,29,2304,390.91,561.63,1,1,163
1486327,73,29,2304,388.06,561.63,0,1,175
1394287,74,29,2304,389.03,561.63,0,1,67
1013054,75,29,2304,387.03,563.63,0,1,94
1037957,76,29,2304,474.33,561.63,0,0,27
1223489,77,29,2304,561.63,561.63,0,0,14
1280750,82,29,2304,389.03,563.63,0,0,14
1359224,83,29,2304,389.03,561.63,1,1,284
1312832,84,29,2304,388.03,561.63,0,0,135
1309154,85,29,2304,388.03,562.63,0,0,136
1210493,86,29,2304,389.03,561.63,0,0,122
1243525,88,29,2304,563.63,563.63,0,0,28
1418048,89,29,2304,563.63,562.63,0,0,13
1241606,90,29,2304,544.23,543.23,0,0,28
1318114,91,29,2304,523.83,524.83,0,0,15
1188048,93,29,2304,523.83,523.83,0,0,27
1161887,94,29,2304,524.83,522.83,0,0,54
1102268,95,29,2304,474.39,472.39,0,0,67
1461402,96,29,2304,472.39,472.39,0,0,69
1038641,97,29,2304,472.39,474.39,0,0,28
1104249,98,29,2304,473.39,473.39,0,0,55
1444072,99,29,2304,473.39,473.39,0,0,28
1139010,100,29,2304,473.39,472.39,0,0,53
1333088,101,29,2304,473.39,473.39,0,0,53
1317349,102,29,2304,473.39,474.39,0,0,28
1376163,104,29,2304,473.39,473.39,0,0,15
1413504,105,29,2304,474.39,472.39,0,0,26
1412722,106,29,2304,473.39,473.39,0,0,40
1325564,107,29,2304,474.39,473.39,0,0,27
1063411,108,29,2304,473.39,472.39,0,0,28
1047643,109,29,2304,473.39,474.39,0,0,28
1248611,110,29,2304,474.39,472.39,0,0,81
1367149,111,29,2304,472.39,474.39,0,0,67
1138263,112,29,2304,474.39,473.39,0,0,67
1211179,113,29,2304,474.39,472.39,0,0,54
1427299,114,29,2304,473.39,474.39,0,0,40
1348834,115,29,2304,474.39,473.39,0,0,54
1485857,116,29,2304,472.39,473.39,0,0,55
1374393,117,29,2304,387.03,472.39,0,0,95
1060383,118,29,2304,387.03,473.39,0,1,95
1107162,119,29,2304,389.03,472.39,0,1,67
1494703,120,29,2304,387.03,474.39,0,0,42
1144565,121,29,2304,470.51,470.51,0,0,27
1238010,122,29,2304,469.51,468.51,0,0,14
1420340,123,29,2304,470.51,469.51,0,0,13
1015924,124,29,2304,469.51,469.51,0,0,109
1375554,125,29,2304,387.03,468.51,0,0,54
1325447,126,29,2304,389.03,470.51,0,0,122
1109829,127,29,2304,387.03,470.51,0,1,67
1022947,128,29,2304,387.03,469.51,0,1,80
1011088,129,29,2304,468.51,469.51,0,0,41
1284039,130,29,2304,468.51,469.51,0,1,54
1309454,131,29,2304,470.51,469.51,0,1,54
1288853,132,29,2304,469.51,468.51,0,1,28
1201132,133,29,2304,482.09,470.51,0,1,13
1374449,134,29,2304,482.09,470.51,0,1,53
1010673,135,29,2304,483.09,482.09,0,0,53
1070620,137,29,2304,389.03,483.09,1,0,55
1080618,138,29,2304,376.36,482.09,0,1,203
1396895,139,29,2304,388.03,482.09,0,0,95
1352218,140,29,2304,482.09,484.09,0,0,26
1492909,141,29,2304,483.09,483.09,0,0,15
1019789,142,29,2304,483.09,483.09,0,0,28
1108391,143,29,2304,482.09,484.09,0,0,41
1342554,144,29,2304,484.09,483.09,0,0,41
1420574,145,29,2304,483.09,482.09,0,0,28
1429911,2,29,2760,233.83,231.83,0,0,40
1118970,3,29,2760,231.83,233.83,0,0,28
1309344,4,29,2760,231.83,231.83,0,0,82
1179014,5,29,2760,232.83,233.83,0,0,14
1177341,6,29,2760,232.83,232.83,0,0,42
1161078,7,29,2760,232.83,233.83,0,0,15
1221129,8,29,2760,232.83,231.83,0,0,41
1453512,9,29,2760,232.83,231.83,0,0,40
1235512,10,29,2760,232.83,233.83,0,0,13
1050334,12,29,2760,231.83,231.83,0,0,68
1008350,13,29,2760,195,232.83,0,0,28
1289968,14,29,2760,195,231.83,0,0,14
1219822,15,29,2760,194,231.83,0,0,26
1099337,16,29,2760,196,231.83,0,0,40
1419785,17,29,2760,233.83,233.83,0,0,55
1414475,18,29,2760,232.83,232.83,0,0,68
1190746,19,29,2760,232.83,232.83,0,0,134
1187109,20,29,2760,231.83,231.83,0,0,41
1111950,21,29,2760,231.83,231.83,0,0,81
1496984,22,29,2760,232.83,231.83,0,0,55
1054112,23,29,2760,231.83,232.83,0,0,67
1231675,24,29,2760,232.83,231.83,0,0,14
1262188,25,29,2760,175.63,231.83,0,0,42
1393561,26,29,2760,174.63,232.83,0,0,80
1460356,27,29,2760,174.63,231.83,0,0,53
1244808,28,29,2760,231.83,231.83,0,0,42
1279176,29,29,2760,231.83,231.83,0,0,53
1042458,30,29,2760,232.83,232.83,0,0,42
1254221,31,29,2760,233.83,231.83,0,0,14
1448809,32,29,2760,231.83,231.83,0,0,40
1168878,33,29,2760,231.83,232.83,0,0,15
1157810,34,29,2760,233.83,231.83,0,0,42
1277313,35,29,2760,233.83,233.83,0,0,80
1401493,36,29,2760,233.83,233.83,0,0,53
1047611,37,29,2760,233.83,231.83,0,0,40
1454356,38,29,2760,173.63,231.83,0,0,53
1170703,39,29,2760,174.63,233.83,0,0,82
1109959,40,29,2760,174.63,233.83,0,0,82
1121655,41,29,2760,173.63,232.83,0,0,95
1488480,42,29,2760,173.63,232.83,0,0,55
1332978,43,29,2760,212.43,214.43,0,0,121
1294631,44,29,2760,232.83,232.83,0,0,15
1161349,45,29,2760,187.27,231.83,0,0,67
1422952,46,29,2760,190.12,231.83,0,0,96
1346077,47,29,2760,174.63,233.83,0,0,55
1356389,48,29,2760,175.63,231.83,0,0,108
1225160,49,29,2760,174.63,232.83,0,0,190
1435970,50,29,2760,173.63,232.83,0,0,108
1411297,51,29,2760,174.63,175.63,0,0,123
1282126,52,29,2760,174.63,173.63,0,0,55
1444411,53,29,2760,196,194,0,0,82
1182346,54,29,2760,196,196,0,0,53
1317347,55,29,2760,194,196,0,0,68
1336743,56,29,2760,196,194,0,0,40
1292284,57,29,2760,234.77,233.77,0,0,82
1205881,58,29,2760,199.85,235.77,0,0,122
1004655,59,29,2760,196,233.77,0,0,41
1434484,60,29,2760,194,234.77,0,0,40
1160926,61,29,2760,196,233.77,0,0,81
1191149,62,29,2760,196,235.77,0,0,68
1158258,63,29,2760,243.53,242.53,0,0,26
1200808,64,29,2760,243.53,242.53,0,0,40
1213240,65,29,2760,243.53,242.53,0,0,68
1024524,66,29,2760,195,243.53,0,0,14
1266610,67,29,2760,194,241.53,0,0,41
1035734,68,29,2760,194,241.53,0,0,27
1346075,69,29,2760,196,243.53,0,0,42
1163999,70,29,2760,242.53,243.53,0,0,40
1262334,71,29,2760,243.53,242.53,0,0,67
1297426,72,29,2760,241.53,242.53,0,0,27
1331786,73,29,2760,242.53,243.53,0,0,28
1004148,74,29,2760,241.53,242.53,0,0,41
1244921,75,29,2760,243.53,243.53,0,0,109
1433384,76,29,2760,218.25,218.25,0,0,26
1497473,77,29,2760,195,218.25,0,0,67
1397006,78,29,2760,194,220.25,0,0,28
1353651,79,29,2760,195,219.25,0,0,42
1177654,80,29,2760,195,220.25,0,0,54
1059688,82,29,2760,243.53,243.53,0,0,13
1327752,83,29,2760,241.53,243.53,0,0,27
1417171,84,29,2760,214.43,243.53,0,0,96
1442878,85,29,2760,214.43,241.53,0,0,40
1133547,86,29,2760,243.53,242.53,0,0,68
1499252,87,29,2760,243.53,242.53,0,0,54
1010530,88,29,2760,243.53,241.53,0,0,28
1070889,89,29,2760,243.53,243.53,0,0,67
1415429,90,29,2760,242.53,243.53,0,0,68
1185199,91,29,2760,243.53,242.53,0,0,40
1233771,92,29,2760,241.53,241.53,0,0,14
1111038,93,29,2760,243.53,243.53,0,0,41
1390368,94,29,2760,243.53,242.53,0,0,81
1353713,96,29,2760,241.53,242.53,0,0,13
1440474,98,29,2760,243.53,242.53,0,0,15
1275736,99,29,2760,241.53,242.53,0,0,96
1432719,100,29,2760,231.83,231.83,0,0,28
1222139,101,29,2760,231.83,232.83,0,0,148
1215462,102,29,2760,231.83,233.83,0,0,257
1435911,103,29,2760,232.83,231.83,0,0,135
1410398,104,29,2760,231.83,232.83,0,0,28
1075648,105,29,2760,242.53,242.53,0,0,15
1323568,106,29,2760,242.53,243.53,0,0,27
1377538,107,29,2760,241.53,242.53,0,0,14
1332751,108,29,2760,242.53,242.53,0,0,27
1272337,109,29,2760,243.53,243.53,0,0,26
1081331,110,29,2760,241.53,243.53,0,0,15
1005016,111,29,2760,241.53,242.53,0,0,68
1394705,112,29,2760,243.53,242.53,0,0,40
1180789,113,29,2760,243.53,243.53,0,0,28
1132162,114,29,2760,242.53,242.53,0,0,54
1040923,118,29,2760,241.53,241.53,0,0,67
1355149,119,29,2760,193.03,242.53,0,0,40
1036414,120,29,2760,195.03,243.53,0,0,14
1289154,121,29,2760,260.93,260.93,0,0,13
1414325,122,29,2760,261.93,262.93,0,0,55
1488221,123,29,2760,260.93,260.93,0,0,14
1017979,124,29,2760,262.93,261.93,0,0,28
1472263,125,29,2760,260.93,260.93,0,0,41
1124949,126,29,2760,261.93,260.93,0,0,13
1208792,127,29,2760,262.93,261.93,0,1,40
1043199,128,29,2760,194.03,262.93,0,1,28
1105388,129,29,2760,194.03,262.93,0,1,82
1127444,130,29,2760,194.03,262.93,0,0,41
1262468,131,29,2760,261.93,262.93,0,0,15
1167617,132,29,2760,261.93,260.93,0,0,67
1446898,133,29,2760,261.93,261.93,0,0,68
1393935,134,29,2760,262.93,261.93,0,0,13
1062887,135,29,2760,262.93,260.93,0,0,27
1144475,137,29,2760,262.93,260.93,0,0,26
1235297,138,29,2760,262.93,260.93,0,0,28
1490395,139,29,2760,262.93,262.93,0,0,68
1482367,140,29,2760,261.93,262.93,0,0,42
1281508,142,29,2760,262.93,261.93,0,0,53
1045449,143,29,2760,261.93,262.93,0,0,42
1142186,144,29,2760,209.55,261.93,0,0,42
1159730,145,29,2760,182.36,260.93,0,0,69
